// Jest Snapshot v1, https://goo.gl/fbAQLP

exports[`AllServicesPage Snapshot should match snapshot with services data 1`] = `
<div>
  <div
    aria-label="base-layout-aria-label"
    class="_layout_ma379_85"
    data-testid="base-layout-test-id"
    id="base-layout"
  >
    <header
      aria-label="Header"
      class="cds--header"
      data-testid="header"
    >
      <nav
        aria-label="Breadcrumb"
        class="_breadcrumb_fbh29_74"
        data-testid="breadcrumb"
      >
        <ol
          class="cds--breadcrumb cds--breadcrumb--no-trailing-slash"
        >
          <li
            class="cds--breadcrumb-item"
          >
            <a
              class="cds--link"
              href="/bahmni/home/index.html"
            >
              Home
            </a>
          </li>
          <li
            class="cds--breadcrumb-item cds--breadcrumb-item--current"
          >
            <span
              aria-current="true"
              class="cds--link"
              dir="auto"
            >
              Admin
            </span>
          </li>
        </ol>
      </nav>
    </header>
    <div
      aria-label="main-display-area-aria-label"
      class="_main_ma379_93"
      data-testid="main-display-area-test-id"
      id="main-display-area"
    >
      <div
        aria-label="all-appointment-service-page-aria-label"
        class="page"
        data-testid="all-appointment-service-page-test-id"
        id="all-appointment-service-page"
      >
        <section
          aria-label="all-services-action-data-table-aria-label"
          class="table _actionDataTableBody_1aqtw_1 cds--data-table-container"
          data-testid="all-services-action-data-table-test-id"
          id="all-services-action-data-table"
        >
          <div
            class="cds--data-table-header"
          >
            <h2
              class="cds--data-table-header__title"
              id="tc-_r_4b_-title"
            >
              Services
            </h2>
          </div>
          <div
            class="sortable-data-table _sortableDataTableBody_1w499_1"
            data-testid="all-services-sortable-data-table-test-id"
          >
            <div
              class="cds--data-table-content"
            >
              <table
                aria-label="all-services-table"
                aria-labelledby="tc-_r_4b_-title"
                class="cds--data-table cds--data-table--md cds--data-table--sort cds--data-table--visible-overflow-menu"
              >
                <thead>
                  <tr>
                    <th
                      aria-sort="none"
                      class="cds--table-sort__header"
                      scope="col"
                    >
                      <div
                        class="cds--table-sort__description"
                        id="table-sort-_r_4c_"
                      >
                        Click to sort rows by Service Name header in ascending order
                      </div>
                      <button
                        aria-describedby="table-sort-_r_4c_"
                        class="cds--table-sort"
                        data-testid="table-header-name"
                        type="button"
                      >
                        <span
                          class="cds--table-sort__flex"
                        >
                          <div
                            class="cds--table-header-label"
                          >
                            Service Name
                          </div>
                          <svg
                            aria-hidden="true"
                            class="cds--table-sort__icon"
                            fill="currentColor"
                            focusable="false"
                            height="20"
                            preserveAspectRatio="xMidYMid meet"
                            viewBox="0 0 32 32"
                            width="20"
                            xmlns="http://www.w3.org/2000/svg"
                          >
                            <path
                              d="M16 4L6 14 7.41 15.41 15 7.83 15 28 17 28 17 7.83 24.59 15.41 26 14 16 4z"
                            />
                          </svg>
                          <svg
                            aria-hidden="true"
                            class="cds--table-sort__icon-unsorted"
                            fill="currentColor"
                            focusable="false"
                            height="20"
                            preserveAspectRatio="xMidYMid meet"
                            viewBox="0 0 32 32"
                            width="20"
                            xmlns="http://www.w3.org/2000/svg"
                          >
                            <path
                              d="M27.6 20.6L24 24.2 24 4 22 4 22 24.2 18.4 20.6 17 22 23 28 29 22zM9 4L3 10 4.4 11.4 8 7.8 8 28 10 28 10 7.8 13.6 11.4 15 10z"
                            />
                          </svg>
                          <div
                            class="cds--table-header-label--decorator-inner"
                          />
                        </span>
                      </button>
                    </th>
                    <th
                      aria-sort="none"
                      class="cds--table-sort__header"
                      scope="col"
                    >
                      <div
                        class="cds--table-sort__description"
                        id="table-sort-_r_4d_"
                      >
                        Click to sort rows by ADMIN_ALL_SERVICES_COLUMN_SERVICE_TYPE header in ascending order
                      </div>
                      <button
                        aria-describedby="table-sort-_r_4d_"
                        class="cds--table-sort"
                        data-testid="table-header-serviceType"
                        type="button"
                      >
                        <span
                          class="cds--table-sort__flex"
                        >
                          <div
                            class="cds--table-header-label"
                          >
                            ADMIN_ALL_SERVICES_COLUMN_SERVICE_TYPE
                          </div>
                          <svg
                            aria-hidden="true"
                            class="cds--table-sort__icon"
                            fill="currentColor"
                            focusable="false"
                            height="20"
                            preserveAspectRatio="xMidYMid meet"
                            viewBox="0 0 32 32"
                            width="20"
                            xmlns="http://www.w3.org/2000/svg"
                          >
                            <path
                              d="M16 4L6 14 7.41 15.41 15 7.83 15 28 17 28 17 7.83 24.59 15.41 26 14 16 4z"
                            />
                          </svg>
                          <svg
                            aria-hidden="true"
                            class="cds--table-sort__icon-unsorted"
                            fill="currentColor"
                            focusable="false"
                            height="20"
                            preserveAspectRatio="xMidYMid meet"
                            viewBox="0 0 32 32"
                            width="20"
                            xmlns="http://www.w3.org/2000/svg"
                          >
                            <path
                              d="M27.6 20.6L24 24.2 24 4 22 4 22 24.2 18.4 20.6 17 22 23 28 29 22zM9 4L3 10 4.4 11.4 8 7.8 8 28 10 28 10 7.8 13.6 11.4 15 10z"
                            />
                          </svg>
                          <div
                            class="cds--table-header-label--decorator-inner"
                          />
                        </span>
                      </button>
                    </th>
                    <th
                      aria-sort="none"
                      class="cds--table-sort__header"
                      scope="col"
                    >
                      <div
                        class="cds--table-sort__description"
                        id="table-sort-_r_4e_"
                      >
                        Click to sort rows by Actions header in ascending order
                      </div>
                      <button
                        aria-describedby="table-sort-_r_4e_"
                        class="cds--table-sort"
                        data-testid="table-header-actions"
                        type="button"
                      >
                        <span
                          class="cds--table-sort__flex"
                        >
                          <div
                            class="cds--table-header-label"
                          >
                            Actions
                          </div>
                          <svg
                            aria-hidden="true"
                            class="cds--table-sort__icon"
                            fill="currentColor"
                            focusable="false"
                            height="20"
                            preserveAspectRatio="xMidYMid meet"
                            viewBox="0 0 32 32"
                            width="20"
                            xmlns="http://www.w3.org/2000/svg"
                          >
                            <path
                              d="M16 4L6 14 7.41 15.41 15 7.83 15 28 17 28 17 7.83 24.59 15.41 26 14 16 4z"
                            />
                          </svg>
                          <svg
                            aria-hidden="true"
                            class="cds--table-sort__icon-unsorted"
                            fill="currentColor"
                            focusable="false"
                            height="20"
                            preserveAspectRatio="xMidYMid meet"
                            viewBox="0 0 32 32"
                            width="20"
                            xmlns="http://www.w3.org/2000/svg"
                          >
                            <path
                              d="M27.6 20.6L24 24.2 24 4 22 4 22 24.2 18.4 20.6 17 22 23 28 29 22zM9 4L3 10 4.4 11.4 8 7.8 8 28 10 28 10 7.8 13.6 11.4 15 10z"
                            />
                          </svg>
                          <div
                            class="cds--table-header-label--decorator-inner"
                          />
                        </span>
                      </button>
                    </th>
                  </tr>
                </thead>
                <tbody
                  aria-live="polite"
                >
                  <tr
                    data-testid="table-row-service-uuid-1"
                  >
                    <td
                      data-testid="table-cell-service-uuid-1-name"
                    >
                      General Medicine OPD Consultation
                    </td>
                    <td
                      data-testid="table-cell-service-uuid-1-serviceType"
                    >
                      OPD
                    </td>
                    <td
                      data-testid="table-cell-service-uuid-1-actions"
                    >
                      <span
                        class="cds--popover-container cds--popover--caret cds--popover--high-contrast cds--popover--top cds--tooltip cds--icon-tooltip cds--icon-tooltip--disabled"
                      >
                        <div
                          class="cds--tooltip-trigger__wrapper"
                        >
                          <button
                            aria-label="delete-service-service-uuid-1-btn-aria-label"
                            aria-labelledby="tooltip-_r_4g_"
                            class="cds--btn cds--btn--ghost cds--btn--disabled cds--btn--icon-only"
                            data-testid="delete-service-service-uuid-1-btn-test-id"
                            disabled=""
                            id="delete-service-service-uuid-1-btn"
                            type="button"
                          >
                            <svg
                              aria-hidden="true"
                              fill="currentColor"
                              focusable="false"
                              height="16"
                              preserveAspectRatio="xMidYMid meet"
                              viewBox="0 0 32 32"
                              width="16"
                              xmlns="http://www.w3.org/2000/svg"
                            >
                              <path
                                d="M12 12H14V24H12zM18 12H20V24H18z"
                              />
                              <path
                                d="M4 6V8H6V28a2 2 0 002 2H24a2 2 0 002-2V8h2V6zM8 28V8H24V28zM12 2H20V4H12z"
                              />
                            </svg>
                          </button>
                        </div>
                        <span
                          aria-hidden="true"
                          class="cds--popover"
                          id="tooltip-_r_4g_"
                          role="tooltip"
                        >
                          <span
                            class="cds--popover-content cds--tooltip-content"
                          >
                            Delete service
                          </span>
                          <span
                            class="cds--popover-caret"
                          />
                        </span>
                      </span>
                    </td>
                  </tr>
                  <tr
                    data-testid="table-row-service-uuid-2"
                  >
                    <td
                      data-testid="table-cell-service-uuid-2-name"
                    >
                      ENT OPD Consultation
                    </td>
                    <td
                      data-testid="table-cell-service-uuid-2-serviceType"
                    >
                      OPD
                    </td>
                    <td
                      data-testid="table-cell-service-uuid-2-actions"
                    >
                      <span
                        class="cds--popover-container cds--popover--caret cds--popover--high-contrast cds--popover--top cds--tooltip cds--icon-tooltip cds--icon-tooltip--disabled"
                      >
                        <div
                          class="cds--tooltip-trigger__wrapper"
                        >
                          <button
                            aria-label="delete-service-service-uuid-2-btn-aria-label"
                            aria-labelledby="tooltip-_r_4k_"
                            class="cds--btn cds--btn--ghost cds--btn--disabled cds--btn--icon-only"
                            data-testid="delete-service-service-uuid-2-btn-test-id"
                            disabled=""
                            id="delete-service-service-uuid-2-btn"
                            type="button"
                          >
                            <svg
                              aria-hidden="true"
                              fill="currentColor"
                              focusable="false"
                              height="16"
                              preserveAspectRatio="xMidYMid meet"
                              viewBox="0 0 32 32"
                              width="16"
                              xmlns="http://www.w3.org/2000/svg"
                            >
                              <path
                                d="M12 12H14V24H12zM18 12H20V24H18z"
                              />
                              <path
                                d="M4 6V8H6V28a2 2 0 002 2H24a2 2 0 002-2V8h2V6zM8 28V8H24V28zM12 2H20V4H12z"
                              />
                            </svg>
                          </button>
                        </div>
                        <span
                          aria-hidden="true"
                          class="cds--popover"
                          id="tooltip-_r_4k_"
                          role="tooltip"
                        >
                          <span
                            class="cds--popover-content cds--tooltip-content"
                          >
                            Delete service
                          </span>
                          <span
                            class="cds--popover-caret"
                          />
                        </span>
                      </span>
                    </td>
                  </tr>
                  <tr
                    data-testid="table-row-service-uuid-3"
                  >
                    <td
                      data-testid="table-cell-service-uuid-3-name"
                    >
                      General Consultation
                    </td>
                    <td
                      data-testid="table-cell-service-uuid-3-serviceType"
                    >
                      -
                    </td>
                    <td
                      data-testid="table-cell-service-uuid-3-actions"
                    >
                      <span
                        class="cds--popover-container cds--popover--caret cds--popover--high-contrast cds--popover--top cds--tooltip cds--icon-tooltip cds--icon-tooltip--disabled"
                      >
                        <div
                          class="cds--tooltip-trigger__wrapper"
                        >
                          <button
                            aria-label="delete-service-service-uuid-3-btn-aria-label"
                            aria-labelledby="tooltip-_r_4o_"
                            class="cds--btn cds--btn--ghost cds--btn--disabled cds--btn--icon-only"
                            data-testid="delete-service-service-uuid-3-btn-test-id"
                            disabled=""
                            id="delete-service-service-uuid-3-btn"
                            type="button"
                          >
                            <svg
                              aria-hidden="true"
                              fill="currentColor"
                              focusable="false"
                              height="16"
                              preserveAspectRatio="xMidYMid meet"
                              viewBox="0 0 32 32"
                              width="16"
                              xmlns="http://www.w3.org/2000/svg"
                            >
                              <path
                                d="M12 12H14V24H12zM18 12H20V24H18z"
                              />
                              <path
                                d="M4 6V8H6V28a2 2 0 002 2H24a2 2 0 002-2V8h2V6zM8 28V8H24V28zM12 2H20V4H12z"
                              />
                            </svg>
                          </button>
                        </div>
                        <span
                          aria-hidden="true"
                          class="cds--popover"
                          id="tooltip-_r_4o_"
                          role="tooltip"
                        >
                          <span
                            class="cds--popover-content cds--tooltip-content"
                          >
                            Delete service
                          </span>
                          <span
                            class="cds--popover-caret"
                          />
                        </span>
                      </span>
                    </td>
                  </tr>
                </tbody>
              </table>
            </div>
          </div>
        </section>
      </div>
    </div>
  </div>
</div>
`;
