// Jest Snapshot v1, https://goo.gl/fbAQLP

exports[`AllServicesPage Snapshot should match snapshot with services data 1`] = `
<div>
  <div
    aria-label="base-layout-aria-label"
    class="_layout_69f5z_85"
    data-testid="base-layout-test-id"
    id="base-layout"
  >
    <header
      aria-label="Header"
      class="cds--header"
      data-testid="header"
    >
      <nav
        aria-label="Breadcrumb"
        class="_breadcrumb_dqa8m_8"
        data-testid="breadcrumb"
      >
        <ol
          class="cds--breadcrumb cds--breadcrumb--no-trailing-slash"
        >
          <li
            class="cds--breadcrumb-item"
          >
            <a
              class="cds--link"
              href="/bahmni/home/index.html"
            >
              Home
            </a>
          </li>
          <li
            class="cds--breadcrumb-item cds--breadcrumb-item--current"
          >
            <span
              aria-current="true"
              class="cds--link"
              dir="auto"
            >
              Admin
            </span>
          </li>
        </ol>
      </nav>
    </header>
    <div
      aria-label="main-display-area-aria-label"
      class="_main_69f5z_92"
      data-testid="main-display-area-test-id"
      id="main-display-area"
    >
      <div
        class="tableContainer"
      >
        <section
          aria-label="all-services-action-data-table-aria-label"
          class="table _actionDataTableBody_1aqtw_1 cds--data-table-container"
          data-testid="all-services-action-data-table-test-id"
          id="all-services-action-data-table"
        >
          <div
            class="cds--data-table-header"
          >
            <h2
              class="cds--data-table-header__title"
              id="tc-_r_h_-title"
            >
              Services
            </h2>
          </div>
          <div
            class="sortable-data-table _sortableDataTableBody_1xyik_1"
            data-testid="all-services-sortable-data-table-test-id"
          >
            <div
              class="cds--data-table-content"
            >
              <table
                aria-label="all-services-table"
                aria-labelledby="tc-_r_h_-title"
                class="cds--data-table cds--data-table--md cds--data-table--sort cds--data-table--visible-overflow-menu"
              >
                <thead>
                  <tr>
                    <th
                      aria-sort="none"
                      class="cds--table-sort__header"
                      scope="col"
                    >
                      <div
                        class="cds--table-sort__description"
                        id="table-sort-_r_i_"
                      >
                        Click to sort rows by Service Name header in ascending order
                      </div>
                      <button
                        aria-describedby="table-sort-_r_i_"
                        class="cds--table-sort"
                        data-testid="table-header-name"
                        type="button"
                      >
                        <span
                          class="cds--table-sort__flex"
                        >
                          <div
                            class="cds--table-header-label"
                          >
                            Service Name
                          </div>
                          <svg
                            aria-hidden="true"
                            class="cds--table-sort__icon"
                            fill="currentColor"
                            focusable="false"
                            height="20"
                            preserveAspectRatio="xMidYMid meet"
                            viewBox="0 0 32 32"
                            width="20"
                            xmlns="http://www.w3.org/2000/svg"
                          >
                            <path
                              d="M16 4L6 14 7.41 15.41 15 7.83 15 28 17 28 17 7.83 24.59 15.41 26 14 16 4z"
                            />
                          </svg>
                          <svg
                            aria-hidden="true"
                            class="cds--table-sort__icon-unsorted"
                            fill="currentColor"
                            focusable="false"
                            height="20"
                            preserveAspectRatio="xMidYMid meet"
                            viewBox="0 0 32 32"
                            width="20"
                            xmlns="http://www.w3.org/2000/svg"
                          >
                            <path
                              d="M27.6 20.6L24 24.2 24 4 22 4 22 24.2 18.4 20.6 17 22 23 28 29 22zM9 4L3 10 4.4 11.4 8 7.8 8 28 10 28 10 7.8 13.6 11.4 15 10z"
                            />
                          </svg>
                          <div
                            class="cds--table-header-label--decorator-inner"
                          />
                        </span>
                      </button>
                    </th>
                    <th
                      aria-sort="none"
                      class="cds--table-sort__header"
                      scope="col"
                    >
                      <div
                        class="cds--table-sort__description"
                        id="table-sort-_r_j_"
                      >
                        Click to sort rows by Location header in ascending order
                      </div>
                      <button
                        aria-describedby="table-sort-_r_j_"
                        class="cds--table-sort"
                        data-testid="table-header-location"
                        type="button"
                      >
                        <span
                          class="cds--table-sort__flex"
                        >
                          <div
                            class="cds--table-header-label"
                          >
                            Location
                          </div>
                          <svg
                            aria-hidden="true"
                            class="cds--table-sort__icon"
                            fill="currentColor"
                            focusable="false"
                            height="20"
                            preserveAspectRatio="xMidYMid meet"
                            viewBox="0 0 32 32"
                            width="20"
                            xmlns="http://www.w3.org/2000/svg"
                          >
                            <path
                              d="M16 4L6 14 7.41 15.41 15 7.83 15 28 17 28 17 7.83 24.59 15.41 26 14 16 4z"
                            />
                          </svg>
                          <svg
                            aria-hidden="true"
                            class="cds--table-sort__icon-unsorted"
                            fill="currentColor"
                            focusable="false"
                            height="20"
                            preserveAspectRatio="xMidYMid meet"
                            viewBox="0 0 32 32"
                            width="20"
                            xmlns="http://www.w3.org/2000/svg"
                          >
                            <path
                              d="M27.6 20.6L24 24.2 24 4 22 4 22 24.2 18.4 20.6 17 22 23 28 29 22zM9 4L3 10 4.4 11.4 8 7.8 8 28 10 28 10 7.8 13.6 11.4 15 10z"
                            />
                          </svg>
                          <div
                            class="cds--table-header-label--decorator-inner"
                          />
                        </span>
                      </button>
                    </th>
                    <th
                      aria-sort="none"
                      class="cds--table-sort__header"
                      scope="col"
                    >
                      <div
                        class="cds--table-sort__description"
                        id="table-sort-_r_k_"
                      >
                        Click to sort rows by Speciality header in ascending order
                      </div>
                      <button
                        aria-describedby="table-sort-_r_k_"
                        class="cds--table-sort"
                        data-testid="table-header-speciality"
                        type="button"
                      >
                        <span
                          class="cds--table-sort__flex"
                        >
                          <div
                            class="cds--table-header-label"
                          >
                            Speciality
                          </div>
                          <svg
                            aria-hidden="true"
                            class="cds--table-sort__icon"
                            fill="currentColor"
                            focusable="false"
                            height="20"
                            preserveAspectRatio="xMidYMid meet"
                            viewBox="0 0 32 32"
                            width="20"
                            xmlns="http://www.w3.org/2000/svg"
                          >
                            <path
                              d="M16 4L6 14 7.41 15.41 15 7.83 15 28 17 28 17 7.83 24.59 15.41 26 14 16 4z"
                            />
                          </svg>
                          <svg
                            aria-hidden="true"
                            class="cds--table-sort__icon-unsorted"
                            fill="currentColor"
                            focusable="false"
                            height="20"
                            preserveAspectRatio="xMidYMid meet"
                            viewBox="0 0 32 32"
                            width="20"
                            xmlns="http://www.w3.org/2000/svg"
                          >
                            <path
                              d="M27.6 20.6L24 24.2 24 4 22 4 22 24.2 18.4 20.6 17 22 23 28 29 22zM9 4L3 10 4.4 11.4 8 7.8 8 28 10 28 10 7.8 13.6 11.4 15 10z"
                            />
                          </svg>
                          <div
                            class="cds--table-header-label--decorator-inner"
                          />
                        </span>
                      </button>
                    </th>
                    <th
                      aria-sort="none"
                      class="cds--table-sort__header"
                      scope="col"
                    >
                      <div
                        class="cds--table-sort__description"
                        id="table-sort-_r_l_"
                      >
                        Click to sort rows by Duration (mins) header in ascending order
                      </div>
                      <button
                        aria-describedby="table-sort-_r_l_"
                        class="cds--table-sort"
                        data-testid="table-header-durationMins"
                        type="button"
                      >
                        <span
                          class="cds--table-sort__flex"
                        >
                          <div
                            class="cds--table-header-label"
                          >
                            Duration (mins)
                          </div>
                          <svg
                            aria-hidden="true"
                            class="cds--table-sort__icon"
                            fill="currentColor"
                            focusable="false"
                            height="20"
                            preserveAspectRatio="xMidYMid meet"
                            viewBox="0 0 32 32"
                            width="20"
                            xmlns="http://www.w3.org/2000/svg"
                          >
                            <path
                              d="M16 4L6 14 7.41 15.41 15 7.83 15 28 17 28 17 7.83 24.59 15.41 26 14 16 4z"
                            />
                          </svg>
                          <svg
                            aria-hidden="true"
                            class="cds--table-sort__icon-unsorted"
                            fill="currentColor"
                            focusable="false"
                            height="20"
                            preserveAspectRatio="xMidYMid meet"
                            viewBox="0 0 32 32"
                            width="20"
                            xmlns="http://www.w3.org/2000/svg"
                          >
                            <path
                              d="M27.6 20.6L24 24.2 24 4 22 4 22 24.2 18.4 20.6 17 22 23 28 29 22zM9 4L3 10 4.4 11.4 8 7.8 8 28 10 28 10 7.8 13.6 11.4 15 10z"
                            />
                          </svg>
                          <div
                            class="cds--table-header-label--decorator-inner"
                          />
                        </span>
                      </button>
                    </th>
                    <th
                      aria-sort="none"
                      class="cds--table-sort__header"
                      scope="col"
                    >
                      <div
                        class="cds--table-sort__description"
                        id="table-sort-_r_m_"
                      >
                        Click to sort rows by Description header in ascending order
                      </div>
                      <button
                        aria-describedby="table-sort-_r_m_"
                        class="cds--table-sort"
                        data-testid="table-header-description"
                        type="button"
                      >
                        <span
                          class="cds--table-sort__flex"
                        >
                          <div
                            class="cds--table-header-label"
                          >
                            Description
                          </div>
                          <svg
                            aria-hidden="true"
                            class="cds--table-sort__icon"
                            fill="currentColor"
                            focusable="false"
                            height="20"
                            preserveAspectRatio="xMidYMid meet"
                            viewBox="0 0 32 32"
                            width="20"
                            xmlns="http://www.w3.org/2000/svg"
                          >
                            <path
                              d="M16 4L6 14 7.41 15.41 15 7.83 15 28 17 28 17 7.83 24.59 15.41 26 14 16 4z"
                            />
                          </svg>
                          <svg
                            aria-hidden="true"
                            class="cds--table-sort__icon-unsorted"
                            fill="currentColor"
                            focusable="false"
                            height="20"
                            preserveAspectRatio="xMidYMid meet"
                            viewBox="0 0 32 32"
                            width="20"
                            xmlns="http://www.w3.org/2000/svg"
                          >
                            <path
                              d="M27.6 20.6L24 24.2 24 4 22 4 22 24.2 18.4 20.6 17 22 23 28 29 22zM9 4L3 10 4.4 11.4 8 7.8 8 28 10 28 10 7.8 13.6 11.4 15 10z"
                            />
                          </svg>
                          <div
                            class="cds--table-header-label--decorator-inner"
                          />
                        </span>
                      </button>
                    </th>
                    <th
                      aria-sort="none"
                      class="cds--table-sort__header"
                      scope="col"
                    >
                      <div
                        class="cds--table-sort__description"
                        id="table-sort-_r_n_"
                      >
                        Click to sort rows by Actions header in ascending order
                      </div>
                      <button
                        aria-describedby="table-sort-_r_n_"
                        class="cds--table-sort"
                        data-testid="table-header-actions"
                        type="button"
                      >
                        <span
                          class="cds--table-sort__flex"
                        >
                          <div
                            class="cds--table-header-label"
                          >
                            Actions
                          </div>
                          <svg
                            aria-hidden="true"
                            class="cds--table-sort__icon"
                            fill="currentColor"
                            focusable="false"
                            height="20"
                            preserveAspectRatio="xMidYMid meet"
                            viewBox="0 0 32 32"
                            width="20"
                            xmlns="http://www.w3.org/2000/svg"
                          >
                            <path
                              d="M16 4L6 14 7.41 15.41 15 7.83 15 28 17 28 17 7.83 24.59 15.41 26 14 16 4z"
                            />
                          </svg>
                          <svg
                            aria-hidden="true"
                            class="cds--table-sort__icon-unsorted"
                            fill="currentColor"
                            focusable="false"
                            height="20"
                            preserveAspectRatio="xMidYMid meet"
                            viewBox="0 0 32 32"
                            width="20"
                            xmlns="http://www.w3.org/2000/svg"
                          >
                            <path
                              d="M27.6 20.6L24 24.2 24 4 22 4 22 24.2 18.4 20.6 17 22 23 28 29 22zM9 4L3 10 4.4 11.4 8 7.8 8 28 10 28 10 7.8 13.6 11.4 15 10z"
                            />
                          </svg>
                          <div
                            class="cds--table-header-label--decorator-inner"
                          />
                        </span>
                      </button>
                    </th>
                  </tr>
                </thead>
                <tbody
                  aria-live="polite"
                >
                  <tr
                    data-testid="table-row-service-uuid-1"
                  >
                    <td
                      data-testid="table-cell-service-uuid-1-name"
                    >
                      General Medicine OPD Consultation
                    </td>
                    <td
                      data-testid="table-cell-service-uuid-1-location"
                    >
                      General OPD
                    </td>
                    <td
                      data-testid="table-cell-service-uuid-1-speciality"
                    >
                      General Medicine
                    </td>
                    <td
                      data-testid="table-cell-service-uuid-1-durationMins"
                    >
                      15
                    </td>
                    <td
                      data-testid="table-cell-service-uuid-1-description"
                    >
                      Appointment for General Medicine Consultation
                    </td>
                    <td
                      data-testid="table-cell-service-uuid-1-actions"
                    />
                  </tr>
                  <tr
                    data-testid="table-row-service-uuid-2"
                  >
                    <td
                      data-testid="table-cell-service-uuid-2-name"
                    >
                      ENT OPD Consultation
                    </td>
                    <td
                      data-testid="table-cell-service-uuid-2-location"
                    >
                      ENT Ward
                    </td>
                    <td
                      data-testid="table-cell-service-uuid-2-speciality"
                    >
                      ENT
                    </td>
                    <td
                      data-testid="table-cell-service-uuid-2-durationMins"
                    >
                      30
                    </td>
                    <td
                      data-testid="table-cell-service-uuid-2-description"
                    >
                      Appointment for ENT Consultation
                    </td>
                    <td
                      data-testid="table-cell-service-uuid-2-actions"
                    />
                  </tr>
                  <tr
                    data-testid="table-row-service-uuid-3"
                  >
                    <td
                      data-testid="table-cell-service-uuid-3-name"
                    >
                      General Consultation
                    </td>
                    <td
                      data-testid="table-cell-service-uuid-3-location"
                    >
                      -
                    </td>
                    <td
                      data-testid="table-cell-service-uuid-3-speciality"
                    >
                      -
                    </td>
                    <td
                      data-testid="table-cell-service-uuid-3-durationMins"
                    >
                      -
                    </td>
                    <td
                      data-testid="table-cell-service-uuid-3-description"
                    >
                      -
                    </td>
                    <td
                      data-testid="table-cell-service-uuid-3-actions"
                    />
                  </tr>
                </tbody>
              </table>
            </div>
          </div>
        </section>
      </div>
    </div>
  </div>
</div>
`;
