// Jest Snapshot v1, https://goo.gl/fbAQLP

exports[`SelectedImmunizationItem Snapshots matches snapshot with all form fields 1`] = `
<div>
  <div>
    <span
      class="selectedItemTitle"
      data-testid="immunization-drug-name-test-id-1-test-id"
      id="immunization-drug-name-test-id-1-test-id"
    >
      COVID-19 Vaccine
    </span>
    <div
      class="cds--css-grid"
      data-testid="selected-immunization-item-grid-test-id-1-test-id"
      id="selected-immunization-item-grid-test-id-1"
    >
      <div
        class="column cds--sm:col-span-4 cds--md:col-span-8 cds--lg:col-span-16 cds--css-grid-column"
      >
        <div
          class="cds--list-box__wrapper"
        >
          <div
            class="cds--combo-box cds--autoalign cds--list-box"
          >
            <div
              class="cds--list-box__field"
            >
              <input
                aria-activedescendant=""
                aria-autocomplete="list"
                aria-controls="downshift-_r_i1_-menu"
                aria-expanded="false"
                aria-haspopup="listbox"
                aria-label="Choose an item"
                autocomplete="off"
                class="cds--text-input cds--text-input--empty"
                data-testid="immunization-drug-name-combobox-test-id-1-test-id"
                id="immunization-drug-name-combobox-test-id-1"
                placeholder="Search drug name"
                required=""
                role="combobox"
                tabindex="0"
                title=""
                type="text"
                value=""
              />
              <button
                aria-controls="downshift-_r_i1_-menu"
                aria-expanded="false"
                aria-label="Open"
                class="cds--list-box__menu-icon"
                id="downshift-_r_i1_-toggle-button"
                tabindex="-1"
                title="Open"
                type="button"
              >
                <svg
                  aria-hidden="true"
                  fill="currentColor"
                  focusable="false"
                  height="16"
                  preserveAspectRatio="xMidYMid meet"
                  viewBox="0 0 16 16"
                  width="16"
                  xmlns="http://www.w3.org/2000/svg"
                >
                  <path
                    d="M8 11L3 6 3.7 5.3 8 9.6 12.3 5.3 13 6z"
                  />
                </svg>
              </button>
            </div>
            <ul
              aria-labelledby="downshift-_r_i1_-label"
              class="cds--list-box__menu"
              id="downshift-_r_i1_-menu"
              role="listbox"
              style="position: fixed; left: 0px; top: 0px; visibility: visible; transform: translate(0px, 0px);"
            />
          </div>
        </div>
      </div>
      <div
        class="column cds--sm:col-span-4 cds--md:col-span-2 cds--lg:col-span-5 cds--css-grid-column"
      >
        <div
          class="cds--form-item datePicker"
        >
          <div
            class="cds--date-picker cds--date-picker--single"
          >
            <div
              class="cds--date-picker-container"
            >
              <label
                class="cds--label cds--visually-hidden"
                dir="auto"
                for="immunization-administered-on-test-id-1"
              >
                Administered On
              </label>
              <div
                class="cds--date-picker-input__wrapper"
              >
                <span>
                  <input
                    class="cds--date-picker__input cds--date-picker__input--md flatpickr-input"
                    data-testid="immunization-administered-on-input-test-id-1-test-id"
                    id="immunization-administered-on-test-id-1"
                    pattern="\\d{1,2}\\/\\d{1,2}\\/\\d{4}"
                    placeholder="Administered On"
                    type="text"
                  />
                  <svg
                    aria-hidden="true"
                    class="cds--date-picker__icon"
                    fill="currentColor"
                    focusable="false"
                    height="16"
                    preserveAspectRatio="xMidYMid meet"
                    role="img"
                    viewBox="0 0 32 32"
                    width="16"
                    xmlns="http://www.w3.org/2000/svg"
                  >
                    <path
                      d="M26,4h-4V2h-2v2h-8V2h-2v2H6C4.9,4,4,4.9,4,6v20c0,1.1,0.9,2,2,2h20c1.1,0,2-0.9,2-2V6C28,4.9,27.1,4,26,4z M26,26H6V12h20 V26z M26,10H6V6h4v2h2V6h8v2h2V6h4V10z"
                    />
                  </svg>
                </span>
              </div>
            </div>
          </div>
        </div>
      </div>
      <div
        class="column cds--sm:col-span-4 cds--md:col-span-2 cds--lg:col-span-5 cds--css-grid-column"
      >
        <div
          class="cds--list-box__wrapper"
        >
          <div
            class="cds--combo-box cds--autoalign cds--list-box"
          >
            <div
              class="cds--list-box__field"
            >
              <input
                aria-activedescendant=""
                aria-autocomplete="list"
                aria-controls="downshift-_r_i5_-menu"
                aria-expanded="false"
                aria-haspopup="listbox"
                aria-label="Choose an item"
                autocomplete="off"
                class="cds--text-input cds--text-input--empty"
                data-testid="immunization-administered-location-test-id-1-test-id"
                id="immunization-administered-location-combobox-test-id-1"
                placeholder="Select administered location"
                role="combobox"
                tabindex="0"
                title=""
                type="text"
                value=""
              />
              <button
                aria-controls="downshift-_r_i5_-menu"
                aria-expanded="false"
                aria-label="Open"
                class="cds--list-box__menu-icon"
                id="downshift-_r_i5_-toggle-button"
                tabindex="-1"
                title="Open"
                type="button"
              >
                <svg
                  aria-hidden="true"
                  fill="currentColor"
                  focusable="false"
                  height="16"
                  preserveAspectRatio="xMidYMid meet"
                  viewBox="0 0 16 16"
                  width="16"
                  xmlns="http://www.w3.org/2000/svg"
                >
                  <path
                    d="M8 11L3 6 3.7 5.3 8 9.6 12.3 5.3 13 6z"
                  />
                </svg>
              </button>
            </div>
            <ul
              aria-labelledby="downshift-_r_i5_-label"
              class="cds--list-box__menu"
              id="downshift-_r_i5_-menu"
              role="listbox"
              style="position: fixed; left: 0px; top: 0px; visibility: visible; transform: translate(0px, 0px);"
            />
          </div>
        </div>
      </div>
      <div
        class="column cds--sm:col-span-4 cds--md:col-span-2 cds--lg:col-span-5 cds--css-grid-column"
      >
        <div
          class="cds--list-box__wrapper"
        >
          <div
            class="cds--combo-box cds--autoalign cds--list-box"
          >
            <div
              class="cds--list-box__field"
            >
              <input
                aria-activedescendant=""
                aria-autocomplete="list"
                aria-controls="downshift-_r_i8_-menu"
                aria-expanded="false"
                aria-haspopup="listbox"
                aria-label="Choose an item"
                autocomplete="off"
                class="cds--text-input cds--text-input--empty"
                data-testid="immunization-route-test-id-1-test-id"
                id="immunization-route-combobox-test-id-1"
                placeholder="Select route"
                role="combobox"
                tabindex="0"
                title=""
                type="text"
                value=""
              />
              <button
                aria-controls="downshift-_r_i8_-menu"
                aria-expanded="false"
                aria-label="Open"
                class="cds--list-box__menu-icon"
                id="downshift-_r_i8_-toggle-button"
                tabindex="-1"
                title="Open"
                type="button"
              >
                <svg
                  aria-hidden="true"
                  fill="currentColor"
                  focusable="false"
                  height="16"
                  preserveAspectRatio="xMidYMid meet"
                  viewBox="0 0 16 16"
                  width="16"
                  xmlns="http://www.w3.org/2000/svg"
                >
                  <path
                    d="M8 11L3 6 3.7 5.3 8 9.6 12.3 5.3 13 6z"
                  />
                </svg>
              </button>
            </div>
            <ul
              aria-labelledby="downshift-_r_i8_-label"
              class="cds--list-box__menu"
              id="downshift-_r_i8_-menu"
              role="listbox"
              style="position: fixed; left: 0px; top: 0px; visibility: visible; transform: translate(0px, 0px);"
            />
          </div>
        </div>
      </div>
      <div
        class="column cds--sm:col-span-4 cds--md:col-span-2 cds--lg:col-span-5 cds--css-grid-column"
      >
        <div
          class="cds--list-box__wrapper"
        >
          <div
            class="cds--combo-box cds--autoalign cds--list-box"
          >
            <div
              class="cds--list-box__field"
            >
              <input
                aria-activedescendant=""
                aria-autocomplete="list"
                aria-controls="downshift-_r_ib_-menu"
                aria-expanded="false"
                aria-haspopup="listbox"
                aria-label="Choose an item"
                autocomplete="off"
                class="cds--text-input cds--text-input--empty"
                data-testid="immunization-site-test-id-1-test-id"
                id="immunization-site-combobox-test-id-1"
                placeholder="Select site"
                role="combobox"
                tabindex="0"
                title=""
                type="text"
                value=""
              />
              <button
                aria-controls="downshift-_r_ib_-menu"
                aria-expanded="false"
                aria-label="Open"
                class="cds--list-box__menu-icon"
                id="downshift-_r_ib_-toggle-button"
                tabindex="-1"
                title="Open"
                type="button"
              >
                <svg
                  aria-hidden="true"
                  fill="currentColor"
                  focusable="false"
                  height="16"
                  preserveAspectRatio="xMidYMid meet"
                  viewBox="0 0 16 16"
                  width="16"
                  xmlns="http://www.w3.org/2000/svg"
                >
                  <path
                    d="M8 11L3 6 3.7 5.3 8 9.6 12.3 5.3 13 6z"
                  />
                </svg>
              </button>
            </div>
            <ul
              aria-labelledby="downshift-_r_ib_-label"
              class="cds--list-box__menu"
              id="downshift-_r_ib_-menu"
              role="listbox"
              style="position: fixed; left: 0px; top: 0px; visibility: visible; transform: translate(0px, 0px);"
            />
          </div>
        </div>
      </div>
      <div
        class="column cds--sm:col-span-4 cds--md:col-span-2 cds--lg:col-span-5 cds--css-grid-column"
      >
        <div
          class="cds--form-item cds--text-input-wrapper"
        >
          <div
            class="cds--text-input__label-wrapper"
          >
            <label
              class="cds--label cds--visually-hidden"
              dir="auto"
              for="immunization-manufacturer-test-id-1"
            >
              Manufacturer
            </label>
          </div>
          <div
            class="cds--text-input__field-outer-wrapper"
          >
            <div
              class="cds--text-input__field-wrapper"
            >
              <input
                class="cds--text-input"
                data-testid="immunization-manufacturer-test-id-1"
                id="immunization-manufacturer-test-id-1"
                placeholder="IMMUNIZATION_HISTORY_MANUFACTURER_PLACEHOLDER"
                title="IMMUNIZATION_HISTORY_MANUFACTURER_PLACEHOLDER"
                type="text"
                value=""
              />
              <span
                aria-atomic="true"
                aria-live="assertive"
                class="cds--text-input__counter-alert"
                role="alert"
              />
            </div>
          </div>
        </div>
      </div>
      <div
        class="column cds--sm:col-span-4 cds--md:col-span-2 cds--lg:col-span-5 cds--css-grid-column"
      >
        <div
          class="cds--form-item cds--text-input-wrapper"
        >
          <div
            class="cds--text-input__label-wrapper"
          >
            <label
              class="cds--label cds--visually-hidden"
              dir="auto"
              for="immunization-batch-number-test-id-1"
            >
              Batch Number
            </label>
          </div>
          <div
            class="cds--text-input__field-outer-wrapper"
          >
            <div
              class="cds--text-input__field-wrapper"
            >
              <input
                class="cds--text-input"
                data-testid="immunization-batch-number-test-id-1"
                id="immunization-batch-number-test-id-1"
                placeholder="IMMUNIZATION_HISTORY_BATCH_NUMBER_PLACEHOLDER"
                title="IMMUNIZATION_HISTORY_BATCH_NUMBER_PLACEHOLDER"
                type="text"
                value=""
              />
              <span
                aria-atomic="true"
                aria-live="assertive"
                class="cds--text-input__counter-alert"
                role="alert"
              />
            </div>
          </div>
        </div>
      </div>
      <div
        class="column cds--sm:col-span-4 cds--md:col-span-2 cds--lg:col-span-5 cds--css-grid-column"
      >
        <div
          class="cds--form-item"
        >
          <div
            class="cds--number cds--number--helpertext cds--number--nolabel cds--number--md"
          >
            <label
              class="cds--label cds--visually-hidden"
              dir="auto"
              for="immunization-dose-sequence-test-id-1"
            >
              Dose Sequence
            </label>
            <div
              class="cds--number__input-wrapper"
            >
              <input
                aria-invalid="false"
                data-testid="immunization-dose-sequence-test-id-1"
                id="immunization-dose-sequence-test-id-1"
                inputmode="decimal"
                min="0"
                pattern="[0-9]*"
                placeholder="IMMUNIZATION_HISTORY_DOSE_SEQUENCE_PLACEHOLDER"
                step="1"
                type="number"
                value="0"
              />
              <div
                class="cds--number__controls"
              >
                <button
                  aria-label="Decrement number"
                  class="cds--number__control-btn down-icon"
                  tabindex="-1"
                  title="Decrement number"
                  type="button"
                >
                  <svg
                    aria-hidden="true"
                    class="down-icon"
                    fill="currentColor"
                    focusable="false"
                    height="16"
                    preserveAspectRatio="xMidYMid meet"
                    viewBox="0 0 32 32"
                    width="16"
                    xmlns="http://www.w3.org/2000/svg"
                  >
                    <path
                      d="M8 15H24V17H8z"
                    />
                  </svg>
                </button>
                <div
                  class="cds--number__rule-divider"
                />
                <button
                  aria-label="Increment number"
                  class="cds--number__control-btn up-icon"
                  tabindex="-1"
                  title="Increment number"
                  type="button"
                >
                  <svg
                    aria-hidden="true"
                    class="up-icon"
                    fill="currentColor"
                    focusable="false"
                    height="16"
                    preserveAspectRatio="xMidYMid meet"
                    viewBox="0 0 32 32"
                    width="16"
                    xmlns="http://www.w3.org/2000/svg"
                  >
                    <path
                      d="M17 15L17 8 15 8 15 15 8 15 8 17 15 17 15 24 17 24 17 17 24 17 24 15z"
                    />
                  </svg>
                </button>
                <div
                  class="cds--number__rule-divider"
                />
              </div>
            </div>
          </div>
        </div>
      </div>
      <div
        class="column cds--sm:col-span-4 cds--md:col-span-2 cds--lg:col-span-5 cds--css-grid-column"
      >
        <div
          class="cds--form-item datePicker"
        >
          <div
            class="cds--date-picker cds--date-picker--single"
          >
            <div
              class="cds--date-picker-container"
            >
              <label
                class="cds--label cds--visually-hidden"
                dir="auto"
                for="immunization-expiry-date-test-id-1"
              >
                Expiry Date
              </label>
              <div
                class="cds--date-picker-input__wrapper"
              >
                <span>
                  <input
                    class="cds--date-picker__input cds--date-picker__input--md flatpickr-input"
                    data-testid="immunization-expiry-date-input-test-id-1"
                    id="immunization-expiry-date-test-id-1"
                    pattern="\\d{1,2}\\/\\d{1,2}\\/\\d{4}"
                    placeholder="Expiry Date"
                    type="text"
                  />
                  <svg
                    aria-hidden="true"
                    class="cds--date-picker__icon"
                    fill="currentColor"
                    focusable="false"
                    height="16"
                    preserveAspectRatio="xMidYMid meet"
                    role="img"
                    viewBox="0 0 32 32"
                    width="16"
                    xmlns="http://www.w3.org/2000/svg"
                  >
                    <path
                      d="M26,4h-4V2h-2v2h-8V2h-2v2H6C4.9,4,4,4.9,4,6v20c0,1.1,0.9,2,2,2h20c1.1,0,2-0.9,2-2V6C28,4.9,27.1,4,26,4z M26,26H6V12h20 V26z M26,10H6V6h4v2h2V6h8v2h2V6h4V10z"
                    />
                  </svg>
                </span>
              </div>
            </div>
          </div>
        </div>
      </div>
      <div
        class="column cds--sm:col-span-4 cds--md:col-span-8 cds--lg:col-span-16 cds--css-grid-column"
      >
        <a
          class="cds--link"
          data-testid="immunization-add-note-link-test-id-1-test-id"
          href="#"
        >
          Add Note
        </a>
      </div>
    </div>
  </div>
</div>
`;
