// Jest Snapshot v1, https://goo.gl/fbAQLP

exports[`InputControlRenderer matches snapshot when rendered with privilege 1`] = `
<div>
  <div>
    <div
      data-testid="mock-form"
    >
      Form Content
    </div>
    <li
      class="cds--menu-item-divider"
      role="separator"
    />
  </div>
</div>
`;
